// Jest Snapshot v1, https://goo.gl/fbAQLP

exports[`Audio-player snapshot test Should render player correctly 1`] = `
Array [
  <button
    className="track__button track__button--play"
    disabled={true}
    onClick={[Function]}
    type="button"
  />,
  <div
    className="track__status"
  >
    <audio
      controls={false}
      src="bla-bla.mp3"
    />
  </div>,
]
`;
